x_Anchore2__WebGoat-anchore-scan.xml
x_Anchore__AnchoreTest.xml
x_Anchore__WebGoat-anchore-scan.xml
x_Angular9-Example-App.xml
x_Build-NXIQ-Git.xml
x_Build-Scan__brickhouse.xml
x_Build-Scan__Brickhouse2.xml
x_Build-Scan__Maven-Plugin-Scan.xml
x_Build-Upload-WebGoat.xml
x_Build_MD5.xml
x_Conan_Build_Demo.xml
x_Consume-Webhook.xml
x_demo-freestyle.xml
x_Demo-pipeline-2.xml
x_Demo-pipeline.xml
x_demo.xml
x_docker-test.xml
x_GitHub-Intg__GitHub-Intg.xml
x_IQ+Clair-Scan.xml
x_Javascript__Juice-Shop.xml
x_Javascript__npmtest.xml
x_Javascript__simple-node-js-react-npm-app.xml
x_Jen.xml
x_Jenfree.xml
x_manage-plugins.xml
x_NUC__Build.xml
x_NUC__nuc-fs.xml
x_NUC__nuc-pipeline.xml
x_P1.xml
x_P2.xml
x_Project_Autoapps__Build-Auto-App.xml
x_Project_Autoapps__IQ_Application_Setup.xml
x_Project_Autoapps__Staging.xml
x_Project_Autoapps__Test-Autoapp.xml
x_Python__Py-App Build.xml
x_Qa.xml
x_Repo__Artifact-Upload.xml
x_Repo__Jenkins-Staging-Example.xml
x_Repo__Promote to Test.xml
x_Repo__Promote-WebGoat-Example-to-Prod.xml
x_Repo__Promote-WebGoat-Example-to-Test.xml
x_Repo__Repo-tag.xml
x_Repo__staging-demo.xml
x_Repo__Tagging.xml
x_Repo__Upload-An-Item.xml
x_Repo__WebGoat-Example-1.xml
x_Repo__WebGoat-Example.xml
x_Route-To-Live__NXRM-Tagging.xml
x_Route-To-Live__WebGoat-Build-2.xml
x_Route-To-Live__WebGoat-Build.xml
x_Route-To-Live__WebGoat-Promote.xml
x_RTL.xml
x_SO-Demo-pipeline.xml
x_test-pipeline.xml
x_TestPL.xml
x_Waiver Test.xml
x_WebGoat-archive__webgoat-ans.xml
x_WebGoat-archive__WebGoat-Example-Staging-Demo.xml
x_WebGoat-archive__WebGoat-Server-Side.xml
x_WebGoat-clair-scan.xml
x_WebGoat-cli-scan.xml
x_WebGoat-freestyle.xml
x_WebGoat.global-upload.xml
x_WebGoat__WebGoat-Build-Upload.xml
x_WebGoat__WebGoat-Legacy-Tag-Upload.xml
x_WebGoat__WebGoat-mvn-scan.xml
x_WebGoat__WebGoat-Promote.xml
x_Workshop-Demo__Build-WebGoat.xml
x_Workshop-Demo__Promote-Build.xml
x_Write-json.xml
y_Anchore
y_Anchore2
y_Build-Scan
y_GitHub-Intg
y_Javascript
y_NUC
y_Project_Autoapps
y_Python
y_Repo
y_Route-To-Live
y_WebGoat
y_WebGoat-archive
y_Workshop-Demo
z_Anchore
z_Anchore2
z_Build-Scan
z_GitHub-Intg
z_Javascript
z_NUC
z_Project_Autoapps
z_Python
z_Repo
z_Route-To-Live
z_WebGoat
z_WebGoat-archive
z_Workshop-Demo
zz_Anchore
zz_Anchore2
zz_Build-Scan
zz_Conan_Build_Demo
zz_demo
zz_demo-freestyle
zz_Demo-pipeline
zz_GitHub-Intg
zz_Javascript
zz_Jen
zz_Jenfree
zz_NUC
zz_Project_Autoapps
zz_Python
zz_Repo
zz_Route-To-Live
zz_TestPL
zz_WebGoat
zz_WebGoat-archive
zz_WebGoat-clair-scan
zz_WebGoat.global-upload
zz_Workshop-Demo
zz_Write-json
zz_WebGoat/WebGoat-Promote
zz_Anchore/AnchoreTest
zz_Anchore/WebGoat-anchore-scan
zz_Anchore2/WebGoat-anchore-scan
zz_Build-Scan/brickhouse
zz_Javascript/simple-node-js-react-npm-app
zz_NUC/Build
zz_NUC/nuc-pipeline
zz_Project_Autoapps/Build-Auto-App
zz_Project_Autoapps/IQ_Application_Setup
zz_Python/Py-App Build
zz_Repo/Artifact-Upload
zz_Repo/Jenkins-Staging-Example
zz_Repo/Promote to Test
zz_Repo/Promote-WebGoat-Example-to-Prod
zz_Repo/Promote-WebGoat-Example-to-Test
zz_Repo/Tagging
zz_Repo/WebGoat-Example
zz_Route-To-Live/WebGoat-Build
zz_Route-To-Live/WebGoat-Build-2
zz_Route-To-Live/WebGoat-Promote
zz_WebGoat/WebGoat-Build-Upload
zz_WebGoat-archive/WebGoat-Example-Staging-Demo
zz_WebGoat-archive/webgoat-ans
zz_Workshop-Demo/Promote-Build
